// Jest Snapshot v1, https://goo.gl/fbAQLP

exports[`CharacterDetails matches snapshot 1`] = `
<DocumentFragment>
  <div
    class="sc-beqWaB iwkgmW"
  >
    <div
      class="sc-jTrPJq hwLAJz"
    >
      <svg
        class="sc-gLDzan kAAHGI"
        fill="currentColor"
        height="1em"
        stroke="currentColor"
        stroke-width="0"
        viewBox="0 0 512 512"
        width="1em"
        xmlns="http://www.w3.org/2000/svg"
      >
        <path
          d="M256 64C150 64 64 150 64 256s86 192 192 192 192-86 192-192S362 64 256 64z"
          fill="none"
          stroke-miterlimit="10"
          stroke-width="32"
        />
        <path
          d="M296 352l-96-96 96-96"
          fill="none"
          stroke-linecap="round"
          stroke-linejoin="round"
          stroke-width="32"
        />
      </svg>
      <h2
        class="sc-eDDNvR iGvxlD"
      >
        Luke Skywalker
      </h2>
    </div>
    <div
      class="sc-gueYoa iYeNhi"
    >
      <div
        class="sc-dmqHEX kXDsOq"
      >
        <span
          class="sc-hLseeU kvpNKp"
        >
          Birth year:
        </span>
        <span>
          19 BBY
        </span>
      </div>
      <div
        class="sc-dmqHEX kXDsOq"
      >
        <span
          class="sc-hLseeU kvpNKp"
        >
          gender:
        </span>
        <span>
          Male
        </span>
      </div>
      <div
        class="sc-dmqHEX kXDsOq"
      >
        <span
          class="sc-hLseeU kvpNKp"
        >
          Eye color:
        </span>
        <span>
          Blue
        </span>
      </div>
      <div
        class="sc-dmqHEX kXDsOq"
      >
        <span
          class="sc-hLseeU kvpNKp"
        >
          Hair color:
        </span>
        <span>
          Blond
        </span>
      </div>
      <div
        class="sc-dmqHEX kXDsOq"
      >
        <span
          class="sc-hLseeU kvpNKp"
        >
          Height:
        </span>
        <span>
          172
        </span>
      </div>
      <div
        class="sc-dmqHEX kXDsOq"
      >
        <span
          class="sc-hLseeU kvpNKp"
        >
          Mass:
        </span>
        <span>
          77
        </span>
      </div>
      <div
        class="sc-dmqHEX kXDsOq"
      >
        <span
          class="sc-hLseeU kvpNKp"
        >
          Films Featured:
        </span>
        <div>
          <p>
            A New Hope
          </p>
          <p>
            The Empire Strikes Back
          </p>
          <p>
            Return of the Jedi
          </p>
        </div>
      </div>
    </div>
  </div>
</DocumentFragment>
`;
